2025-07-30 10:32:57,618-WARNING- hdu= was not specified but multiple tables are present, reading in first available table (hdu=1)
2025-07-30 10:33:02,606-DEBUG- N_lowE_highSNR: 2
2025-07-30 10:33:02,607-DEBUG- LowE highSNRs: 
2025-07-30 10:33:02,608-DEBUG- [93.47726417 35.8208482 ]
2025-07-30 10:33:02,610-DEBUG- HighE SNRs at lowE highSNRs: 
2025-07-30 10:33:02,611-DEBUG- [-1.00426257 -0.7519282 ]
2025-07-30 10:33:02,614-DEBUG- Nbad: 2
2025-07-30 10:33:03,320-DEBUG- Glitch probability: 1.0000
2025-07-30 10:33:03,562-DEBUG- Glitch probability: 1.0000
2025-07-30 10:33:03,565-INFO- Found glitch bti: 
2025-07-30 10:33:03,572-INFO- (627844676.6163985, 627844676.6803986)
2025-07-30 10:33:03,589-INFO- Found glitch bti: 
2025-07-30 10:33:03,594-INFO- (627844676.6323985, 627844676.6963986)
2025-07-30 10:33:03,620-DEBUG- t0: 627844480.000
2025-07-30 10:33:03,810-DEBUG- max(h): 26
2025-07-30 10:33:03,813-DEBUG- sum(h>max_cnts): 1
2025-07-30 10:33:03,814-DEBUG- cnts: 26
2025-07-30 10:33:03,842-DEBUG- avg: 0.16
2025-07-30 10:33:03,843-DEBUG- found bad time: 627844498.6021
2025-07-30 10:33:03,844-DEBUG- t0: 627844500.000
2025-07-30 10:33:04,029-DEBUG- max(h): 29
2025-07-30 10:33:04,031-DEBUG- sum(h>max_cnts): 5
2025-07-30 10:33:04,033-DEBUG- cnts: 29
2025-07-30 10:33:04,062-DEBUG- avg: 0.15
2025-07-30 10:33:04,063-DEBUG- found bad time: 627844503.5528
2025-07-30 10:33:04,064-DEBUG- cnts: 28
2025-07-30 10:33:04,092-DEBUG- avg: 0.16
2025-07-30 10:33:04,093-DEBUG- found bad time: 627844506.2431
2025-07-30 10:33:04,094-DEBUG- cnts: 25
2025-07-30 10:33:04,127-DEBUG- avg: 0.16
2025-07-30 10:33:04,128-DEBUG- found bad time: 627844506.8226
2025-07-30 10:33:04,129-DEBUG- cnts: 24
2025-07-30 10:33:04,160-DEBUG- avg: 0.16
2025-07-30 10:33:04,161-DEBUG- found bad time: 627844512.5933
2025-07-30 10:33:04,162-DEBUG- cnts: 21
2025-07-30 10:33:04,189-DEBUG- avg: 0.15
2025-07-30 10:33:04,189-DEBUG- found bad time: 627844513.9979
2025-07-30 10:33:04,190-DEBUG- t0: 627844520.000
2025-07-30 10:33:04,350-DEBUG- max(h): 38
2025-07-30 10:33:04,352-DEBUG- sum(h>max_cnts): 3
2025-07-30 10:33:04,354-DEBUG- cnts: 33
2025-07-30 10:33:04,381-DEBUG- avg: 0.15
2025-07-30 10:33:04,382-DEBUG- found bad time: 627844521.8647
2025-07-30 10:33:04,383-DEBUG- cnts: 38
2025-07-30 10:33:04,411-DEBUG- avg: 0.15
2025-07-30 10:33:04,412-DEBUG- found bad time: 627844536.8744
2025-07-30 10:33:04,413-DEBUG- cnts: 22
2025-07-30 10:33:04,441-DEBUG- avg: 0.16
2025-07-30 10:33:04,441-DEBUG- found bad time: 627844539.2955
2025-07-30 10:33:04,442-DEBUG- t0: 627844540.000
2025-07-30 10:33:04,577-DEBUG- max(h): 21
2025-07-30 10:33:04,580-DEBUG- sum(h>max_cnts): 1
2025-07-30 10:33:04,582-DEBUG- cnts: 21
2025-07-30 10:33:04,612-DEBUG- avg: 0.15
2025-07-30 10:33:04,612-DEBUG- found bad time: 627844549.0781
2025-07-30 10:33:04,613-DEBUG- t0: 627844560.000
2025-07-30 10:33:04,741-DEBUG- max(h): 36
2025-07-30 10:33:04,743-DEBUG- sum(h>max_cnts): 3
2025-07-30 10:33:04,745-DEBUG- cnts: 36
2025-07-30 10:33:04,774-DEBUG- avg: 0.16
2025-07-30 10:33:04,775-DEBUG- found bad time: 627844564.2302
2025-07-30 10:33:04,776-DEBUG- cnts: 26
2025-07-30 10:33:04,801-DEBUG- avg: 0.15
2025-07-30 10:33:04,802-DEBUG- found bad time: 627844567.9054
2025-07-30 10:33:04,803-DEBUG- cnts: 24
2025-07-30 10:33:04,833-DEBUG- avg: 0.16
2025-07-30 10:33:04,834-DEBUG- found bad time: 627844568.9388
2025-07-30 10:33:04,835-DEBUG- t0: 627844580.000
2025-07-30 10:33:04,962-DEBUG- max(h): 32
2025-07-30 10:33:04,964-DEBUG- sum(h>max_cnts): 2
2025-07-30 10:33:04,965-DEBUG- cnts: 25
2025-07-30 10:33:04,995-DEBUG- avg: 0.15
2025-07-30 10:33:04,996-DEBUG- found bad time: 627844592.9188
2025-07-30 10:33:04,997-DEBUG- cnts: 32
2025-07-30 10:33:05,021-DEBUG- avg: 0.15
2025-07-30 10:33:05,021-DEBUG- found bad time: 627844597.7316
2025-07-30 10:33:05,022-DEBUG- t0: 627844600.000
2025-07-30 10:33:05,128-DEBUG- max(h): 37
2025-07-30 10:33:05,129-DEBUG- sum(h>max_cnts): 2
2025-07-30 10:33:05,131-DEBUG- cnts: 34
2025-07-30 10:33:05,163-DEBUG- avg: 0.15
2025-07-30 10:33:05,163-DEBUG- found bad time: 627844601.5353
2025-07-30 10:33:05,164-DEBUG- cnts: 37
2025-07-30 10:33:05,192-DEBUG- avg: 0.15
2025-07-30 10:33:05,193-DEBUG- found bad time: 627844607.1595
2025-07-30 10:33:05,194-DEBUG- t0: 627844620.000
2025-07-30 10:33:05,297-DEBUG- max(h): 48
2025-07-30 10:33:05,299-DEBUG- sum(h>max_cnts): 4
2025-07-30 10:33:05,300-DEBUG- cnts: 48
2025-07-30 10:33:05,323-DEBUG- avg: 0.15
2025-07-30 10:33:05,324-DEBUG- found bad time: 627844621.8960
2025-07-30 10:33:05,324-DEBUG- cnts: 21
2025-07-30 10:33:05,349-DEBUG- avg: 0.16
2025-07-30 10:33:05,349-DEBUG- found bad time: 627844628.8331
2025-07-30 10:33:05,350-DEBUG- cnts: 27
2025-07-30 10:33:05,379-DEBUG- avg: 0.16
2025-07-30 10:33:05,379-DEBUG- found bad time: 627844632.1698
2025-07-30 10:33:05,380-DEBUG- cnts: 22
2025-07-30 10:33:05,413-DEBUG- avg: 0.15
2025-07-30 10:33:05,414-DEBUG- found bad time: 627844634.3598
2025-07-30 10:33:05,414-DEBUG- t0: 627844640.000
2025-07-30 10:33:05,503-DEBUG- max(h): 55
2025-07-30 10:33:05,504-DEBUG- sum(h>max_cnts): 5
2025-07-30 10:33:05,506-DEBUG- cnts: 21
2025-07-30 10:33:05,529-DEBUG- avg: 0.15
2025-07-30 10:33:05,530-DEBUG- found bad time: 627844642.1410
2025-07-30 10:33:05,531-DEBUG- cnts: 29
2025-07-30 10:33:05,560-DEBUG- avg: 0.15
2025-07-30 10:33:05,570-DEBUG- found bad time: 627844647.1130
2025-07-30 10:33:05,571-DEBUG- cnts: 41
2025-07-30 10:33:05,595-DEBUG- avg: 0.16
2025-07-30 10:33:05,596-DEBUG- found bad time: 627844654.4692
2025-07-30 10:33:05,597-DEBUG- cnts: 26
2025-07-30 10:33:05,619-DEBUG- avg: 0.16
2025-07-30 10:33:05,620-DEBUG- found bad time: 627844654.9490
2025-07-30 10:33:05,621-DEBUG- cnts: 55
2025-07-30 10:33:05,643-DEBUG- avg: 0.15
2025-07-30 10:33:05,644-DEBUG- found bad time: 627844655.5783
2025-07-30 10:33:05,645-DEBUG- t0: 627844660.000
2025-07-30 10:33:05,728-DEBUG- max(h): 37
2025-07-30 10:33:05,730-DEBUG- sum(h>max_cnts): 3
2025-07-30 10:33:05,731-DEBUG- cnts: 27
2025-07-30 10:33:05,759-DEBUG- avg: 0.15
2025-07-30 10:33:05,760-DEBUG- found bad time: 627844662.5877
2025-07-30 10:33:05,761-DEBUG- cnts: 24
2025-07-30 10:33:05,793-DEBUG- avg: 0.16
2025-07-30 10:33:05,794-DEBUG- found bad time: 627844676.1574
2025-07-30 10:33:05,795-DEBUG- cnts: 37
2025-07-30 10:33:05,819-DEBUG- avg: 0.16
2025-07-30 10:33:05,820-DEBUG- found bad time: 627844676.1828
2025-07-30 10:33:05,824-DEBUG- t0: 627844676.696
2025-07-30 10:33:05,894-DEBUG- max(h): 11
2025-07-30 10:33:05,896-DEBUG- sum(h>max_cnts): 0
2025-07-30 10:33:05,897-DEBUG- Got all bad times
2025-07-30 10:33:05,898-DEBUG- [627844498.6020918, 627844503.5528005, 627844506.243087, 627844506.8225918, 627844512.5932641, 627844513.9978713, 627844521.8646846, 627844536.8743665, 627844539.2954795, 627844549.0780749, 627844564.2302047, 627844567.9053795, 627844568.938768, 627844592.9187797, 627844597.731586, 627844601.535273, 627844607.1594957, 627844621.8960024, 627844628.8330766, 627844632.1697991, 627844634.3597995, 627844642.1410007, 627844647.1129935, 627844654.4691871, 627844654.9489943, 627844655.5782979, 627844662.5876919, 627844676.157403, 627844676.1827769]
2025-07-30 10:33:05,904-DEBUG- t0, t1: 627844498.6021, 627844498.6022
2025-07-30 10:33:05,906-DEBUG- sum(bl): 28
2025-07-30 10:33:05,913-DEBUG- t0, t1: 627844503.5528, 627844503.5529
2025-07-30 10:33:05,915-DEBUG- sum(bl): 29
2025-07-30 10:33:05,920-DEBUG- t0, t1: 627844506.2431, 627844506.2432
2025-07-30 10:33:05,923-DEBUG- sum(bl): 33
2025-07-30 10:33:05,929-DEBUG- t0, t1: 627844506.8226, 627844506.8227
2025-07-30 10:33:05,931-DEBUG- sum(bl): 29
2025-07-30 10:33:05,937-DEBUG- t0, t1: 627844512.5932, 627844512.5933
2025-07-30 10:33:05,939-DEBUG- sum(bl): 26
2025-07-30 10:33:05,946-DEBUG- t0, t1: 627844513.9978, 627844513.9979
2025-07-30 10:33:05,948-DEBUG- sum(bl): 26
2025-07-30 10:33:05,953-DEBUG- t0, t1: 627844521.8647, 627844521.8648
2025-07-30 10:33:05,955-DEBUG- sum(bl): 36
2025-07-30 10:33:05,964-DEBUG- t0, t1: 627844536.8743, 627844536.8744
2025-07-30 10:33:05,967-DEBUG- sum(bl): 39
2025-07-30 10:33:05,973-DEBUG- t0, t1: 627844539.2955, 627844539.2956
2025-07-30 10:33:05,975-DEBUG- sum(bl): 32
2025-07-30 10:33:05,981-DEBUG- t0, t1: 627844549.0781, 627844549.0781
2025-07-30 10:33:05,983-DEBUG- sum(bl): 24
2025-07-30 10:33:05,989-DEBUG- t0, t1: 627844564.2302, 627844564.2303
2025-07-30 10:33:05,990-DEBUG- sum(bl): 44
2025-07-30 10:33:05,997-DEBUG- t0, t1: 627844567.9054, 627844567.9055
2025-07-30 10:33:05,998-DEBUG- sum(bl): 34
2025-07-30 10:33:06,004-DEBUG- t0, t1: 627844568.9387, 627844568.9388
2025-07-30 10:33:06,006-DEBUG- sum(bl): 33
2025-07-30 10:33:06,012-DEBUG- t0, t1: 627844592.9188, 627844592.9189
2025-07-30 10:33:06,014-DEBUG- sum(bl): 31
2025-07-30 10:33:06,020-DEBUG- t0, t1: 627844597.7316, 627844597.7317
2025-07-30 10:33:06,022-DEBUG- sum(bl): 38
2025-07-30 10:33:06,029-DEBUG- t0, t1: 627844601.5352, 627844601.5353
2025-07-30 10:33:06,031-DEBUG- sum(bl): 41
2025-07-30 10:33:06,038-DEBUG- t0, t1: 627844607.1595, 627844607.1596
2025-07-30 10:33:06,039-DEBUG- sum(bl): 43
2025-07-30 10:33:06,047-DEBUG- t0, t1: 627844621.8960, 627844621.8961
2025-07-30 10:33:06,049-DEBUG- sum(bl): 54
2025-07-30 10:33:06,058-DEBUG- t0, t1: 627844628.8331, 627844628.8332
2025-07-30 10:33:06,061-DEBUG- sum(bl): 24
2025-07-30 10:33:06,069-DEBUG- t0, t1: 627844632.1698, 627844632.1699
2025-07-30 10:33:06,072-DEBUG- sum(bl): 39
2025-07-30 10:33:06,081-DEBUG- t0, t1: 627844634.3598, 627844634.3599
2025-07-30 10:33:06,083-DEBUG- sum(bl): 26
2025-07-30 10:33:06,091-DEBUG- t0, t1: 627844642.1410, 627844642.1411
2025-07-30 10:33:06,094-DEBUG- sum(bl): 22
2025-07-30 10:33:06,100-DEBUG- t0, t1: 627844647.1130, 627844647.1131
2025-07-30 10:33:06,102-DEBUG- sum(bl): 29
2025-07-30 10:33:06,109-DEBUG- t0, t1: 627844654.4692, 627844654.4693
2025-07-30 10:33:06,112-DEBUG- sum(bl): 47
2025-07-30 10:33:06,119-DEBUG- t0, t1: 627844654.9490, 627844654.9491
2025-07-30 10:33:06,120-DEBUG- sum(bl): 26
2025-07-30 10:33:06,126-DEBUG- t0, t1: 627844655.5783, 627844655.5784
2025-07-30 10:33:06,128-DEBUG- sum(bl): 61
2025-07-30 10:33:06,135-DEBUG- t0, t1: 627844662.5877, 627844662.5878
2025-07-30 10:33:06,136-DEBUG- sum(bl): 31
2025-07-30 10:33:06,143-DEBUG- t0, t1: 627844676.1574, 627844676.1575
2025-07-30 10:33:06,145-DEBUG- sum(bl): 27
2025-07-30 10:33:06,151-DEBUG- t0, t1: 627844676.1828, 627844676.1829
2025-07-30 10:33:06,153-DEBUG- sum(bl): 50
2025-07-30 10:33:07,937-DEBUG- Starting new HTTPS connection (1): www.swift.psu.edu:443
2025-07-30 10:33:08,172-DEBUG- https://www.swift.psu.edu:443 "POST /toop/submit_json.php HTTP/1.1" 200 None
2025-07-30 10:33:08,178-DEBUG- Starting new HTTPS connection (1): www.swift.psu.edu:443
2025-07-30 10:33:08,275-DEBUG- https://www.swift.psu.edu:443 "POST /toop/submit_json.php HTTP/1.1" 200 None
2025-07-30 10:33:09,281-DEBUG- Starting new HTTPS connection (1): www.swift.psu.edu:443
2025-07-30 10:33:09,439-DEBUG- https://www.swift.psu.edu:443 "POST /toop/submit_json.php HTTP/1.1" 200 None
2025-07-30 10:33:09,450-DEBUG- Starting new HTTPS connection (1): www.swift.psu.edu:443
2025-07-30 10:33:09,533-DEBUG- https://www.swift.psu.edu:443 "POST /toop/submit_json.php HTTP/1.1" 200 None
2025-07-30 10:33:09,541-DEBUG- Starting new HTTPS connection (1): www.swift.psu.edu:443
2025-07-30 10:33:09,626-DEBUG- https://www.swift.psu.edu:443 "POST /toop/submit_json.php HTTP/1.1" 200 None
2025-07-30 10:33:10,636-DEBUG- Starting new HTTPS connection (1): www.swift.psu.edu:443
2025-07-30 10:33:10,741-DEBUG- https://www.swift.psu.edu:443 "POST /toop/submit_json.php HTTP/1.1" 200 None
2025-07-30 10:33:12,826-INFO- Finally got all the data
2025-07-30 10:33:35,923-DEBUG- Bad Times: 
2025-07-30 10:33:35,925-DEBUG- [627844676.6401006, 627844676.6401006, 627844676.6401006, 627844676.6401006, 627844676.6401006, 627844676.6401006, 627844676.6401006, 627844676.6401006, 627844676.6401006, 627844676.6401006, 627844676.6401006, 627844676.6401006, 627844676.6401006, 627844676.6401006, 627844676.6401006, 627844676.6401006, 627844676.6401006, 627844676.6401006, 627844676.6401006, 627844676.6401006, 627844676.6401006, 627844676.6401006, 627844676.6401006, 627844676.6401006, 627844676.6401006, 627844676.6401006, 627844676.6401006, 627844676.6401006, 627844676.6401006, 627844676.6401006, 627844676.6401006, 627844676.6401006, 627844676.6401006, 627844676.6401006, 627844676.6401006, 627844676.6401006, 627844676.6401006, 627844676.6401006, 627844676.6401006, 627844676.6601006, 627844676.6601006, 627844676.6601006, 627844676.6601006, 627844676.6601006, 627844676.6601006, 627844676.6601006, 627844676.6601006, 627844676.6601006]
2025-07-30 10:33:35,930-DEBUG- Bad Dets List: 
2025-07-30 10:33:35,931-DEBUG- [(7, 0), (5, 5), (15, 6), (79, 7), (123, 7), (17, 8), (47, 8), (82, 8), (95, 8), (121, 8), (147, 8), (123, 9), (170, 9), (144, 13), (40, 15), (62, 18), (24, 22), (102, 23), (36, 24), (90, 24), (146, 24), (38, 25), (51, 25), (168, 25), (121, 26), (144, 26), (79, 30), (101, 32), (84, 33), (110, 44), (148, 44), (169, 44), (124, 61), (148, 78), (3, 81), (110, 81), (154, 102), (110, 111), (110, 117), (15, 6), (62, 18), (24, 22), (79, 30), (84, 33), (148, 44), (154, 102), (132, 147), (154, 153)]
2025-07-30 10:33:35,976-INFO- Wrote filtered event data to
2025-07-30 10:33:35,978-INFO- testing/filter_evdata.fits
2025-07-30 10:33:36,038-INFO- Wrote att file to
2025-07-30 10:33:36,040-INFO- testing/attitude.fits
2025-07-30 10:33:36,143-INFO- Wrote acs file to
2025-07-30 10:33:36,147-INFO- testing/acs.fits
2025-07-30 10:33:36,174-INFO- Wrote dmask to
2025-07-30 10:33:36,175-INFO- testing/detmask.fits
2025-07-30 12:24:24,694-ERROR- [Errno 2] No such file or directory: 'testing/sw00012872142bevshpo_uf.evt'
2025-07-30 12:24:24,728-ERROR- Traceback (most recent call last):
  File "/mnt/c/Users/kbfoy/Documents/NITRATES/nitrates/data_prep/do_data_setup.py", line 740, in main
    ev_data = Table.read(evfname[0])
  File "/home/kbfoy/miniconda3/envs/nitrates-env/lib/python3.10/site-packages/astropy/table/connect.py", line 62, in __call__
    out = self.registry.read(cls, *args, **kwargs)
  File "/home/kbfoy/miniconda3/envs/nitrates-env/lib/python3.10/site-packages/astropy/io/registry/core.py", line 200, in read
    fileobj = ctx.__enter__()
  File "/home/kbfoy/miniconda3/envs/nitrates-env/lib/python3.10/contextlib.py", line 135, in __enter__
    return next(self.gen)
  File "/home/kbfoy/miniconda3/envs/nitrates-env/lib/python3.10/site-packages/astropy/utils/data.py", line 366, in get_readable_fileobj
    fileobj = io.FileIO(name_or_obj, "r")
FileNotFoundError: [Errno 2] No such file or directory: 'testing/sw00012872142bevshpo_uf.evt'

2025-07-30 12:25:27,808-ERROR- [Errno 2] No such file or directory: 'testing1/sw00012872142bevshpo_uf.evt'
2025-07-30 12:25:27,824-ERROR- Traceback (most recent call last):
  File "/mnt/c/Users/kbfoy/Documents/NITRATES/nitrates/data_prep/do_data_setup.py", line 740, in main
    ev_data = Table.read(evfname[0])
  File "/home/kbfoy/miniconda3/envs/nitrates-env/lib/python3.10/site-packages/astropy/table/connect.py", line 62, in __call__
    out = self.registry.read(cls, *args, **kwargs)
  File "/home/kbfoy/miniconda3/envs/nitrates-env/lib/python3.10/site-packages/astropy/io/registry/core.py", line 200, in read
    fileobj = ctx.__enter__()
  File "/home/kbfoy/miniconda3/envs/nitrates-env/lib/python3.10/contextlib.py", line 135, in __enter__
    return next(self.gen)
  File "/home/kbfoy/miniconda3/envs/nitrates-env/lib/python3.10/site-packages/astropy/utils/data.py", line 366, in get_readable_fileobj
    fileobj = io.FileIO(name_or_obj, "r")
FileNotFoundError: [Errno 2] No such file or directory: 'testing1/sw00012872142bevshpo_uf.evt'

2025-07-30 12:28:22,513-WARNING- hdu= was not specified but multiple tables are present, reading in first available table (hdu=1)
2025-07-30 12:28:27,391-DEBUG- N_lowE_highSNR: 0
2025-07-30 12:28:27,392-DEBUG- Nbad: 0
2025-07-30 12:28:27,395-DEBUG- t0: 694030684.000
2025-07-30 12:28:27,461-DEBUG- max(h): 15
2025-07-30 12:28:27,463-DEBUG- sum(h>max_cnts): 0
2025-07-30 12:28:27,465-DEBUG- t0: 694030704.000
2025-07-30 12:28:27,511-DEBUG- max(h): 25
2025-07-30 12:28:27,513-DEBUG- sum(h>max_cnts): 2
2025-07-30 12:28:27,514-DEBUG- cnts: 21
2025-07-30 12:28:27,521-DEBUG- avg: 0.06
2025-07-30 12:28:27,522-DEBUG- found bad time: 694030710.0774
2025-07-30 12:28:27,523-DEBUG- cnts: 25
2025-07-30 12:28:27,529-DEBUG- avg: 0.06
2025-07-30 12:28:27,530-DEBUG- found bad time: 694030712.0484
2025-07-30 12:28:27,531-DEBUG- t0: 694030724.000
2025-07-30 12:28:27,571-DEBUG- max(h): 19
2025-07-30 12:28:27,573-DEBUG- sum(h>max_cnts): 0
2025-07-30 12:28:27,584-DEBUG- t0: 694030744.000
2025-07-30 12:28:27,616-DEBUG- max(h): 24
2025-07-30 12:28:27,620-DEBUG- sum(h>max_cnts): 1
2025-07-30 12:28:27,621-DEBUG- cnts: 24
2025-07-30 12:28:27,631-DEBUG- avg: 0.06
2025-07-30 12:28:27,632-DEBUG- found bad time: 694030744.4415
2025-07-30 12:28:27,633-DEBUG- t0: 694030764.000
2025-07-30 12:28:27,658-DEBUG- max(h): 9
2025-07-30 12:28:27,660-DEBUG- sum(h>max_cnts): 0
2025-07-30 12:28:27,663-DEBUG- Got all bad times
2025-07-30 12:28:27,663-DEBUG- [694030710.0773573, 694030712.0483826, 694030744.4414965]
2025-07-30 12:28:27,665-DEBUG- t0, t1: 694030710.0773, 694030710.0774
2025-07-30 12:28:27,667-DEBUG- sum(bl): 23
2025-07-30 12:28:27,670-DEBUG- t0, t1: 694030712.0484, 694030712.0485
2025-07-30 12:28:27,672-DEBUG- sum(bl): 30
2025-07-30 12:28:27,675-DEBUG- t0, t1: 694030744.4415, 694030744.4416
2025-07-30 12:28:27,676-DEBUG- sum(bl): 26
2025-07-30 12:28:28,201-DEBUG- Starting new HTTPS connection (1): www.swift.psu.edu:443
2025-07-30 12:28:28,381-DEBUG- https://www.swift.psu.edu:443 "POST /toop/submit_json.php HTTP/1.1" 200 None
2025-07-30 12:28:28,387-DEBUG- Starting new HTTPS connection (1): www.swift.psu.edu:443
2025-07-30 12:28:28,568-DEBUG- https://www.swift.psu.edu:443 "POST /toop/submit_json.php HTTP/1.1" 200 None
2025-07-30 12:28:29,575-DEBUG- Starting new HTTPS connection (1): www.swift.psu.edu:443
2025-07-30 12:28:29,798-DEBUG- https://www.swift.psu.edu:443 "POST /toop/submit_json.php HTTP/1.1" 200 None
2025-07-30 12:28:29,805-DEBUG- Starting new HTTPS connection (1): www.swift.psu.edu:443
2025-07-30 12:28:30,053-DEBUG- https://www.swift.psu.edu:443 "POST /toop/submit_json.php HTTP/1.1" 200 None
2025-07-30 12:28:30,060-DEBUG- Starting new HTTPS connection (1): www.swift.psu.edu:443
2025-07-30 12:28:30,197-DEBUG- https://www.swift.psu.edu:443 "POST /toop/submit_json.php HTTP/1.1" 200 None
2025-07-30 12:28:31,204-DEBUG- Starting new HTTPS connection (1): www.swift.psu.edu:443
2025-07-30 12:28:31,441-DEBUG- https://www.swift.psu.edu:443 "POST /toop/submit_json.php HTTP/1.1" 200 None
2025-07-30 12:28:33,554-INFO- Finally got all the data
2025-07-30 12:28:39,220-DEBUG- Bad Times: 
2025-07-30 12:28:39,221-DEBUG- []
2025-07-30 12:28:39,225-DEBUG- Bad Dets List: 
2025-07-30 12:28:39,226-DEBUG- []
2025-07-30 12:28:39,274-INFO- Wrote filtered event data to
2025-07-30 12:28:39,275-INFO- testing1/filter_evdata.fits
2025-07-30 12:28:39,316-INFO- Wrote att file to
2025-07-30 12:28:39,317-INFO- testing1/attitude.fits
2025-07-30 12:28:39,365-INFO- Wrote acs file to
2025-07-30 12:28:39,366-INFO- testing1/acs.fits
2025-07-30 12:28:39,394-INFO- Wrote dmask to
2025-07-30 12:28:39,395-INFO- testing1/detmask.fits
